main.c:113:5:main	8	static
main.c:169:6:SystemClock_Config	232	static
main.c:224:13:MX_TIM16_Init	8	static
main.c:256:13:MX_USART2_UART_Init	8	static
main.c:289:13:MX_DMA_Init	16	static
main.c:307:13:MX_GPIO_Init	32	static
main.c:328:6:Clear_Buffer	8	static
main.c:333:6:Update_Time	16	static
main.c:354:6:TimetoString	16	static
main.c:362:6:Print_Time	16	static
main.c:374:6:StringtoTime	16	static
main.c:381:6:Handle_Commands	16	static
main.c:434:6:HAL_TIM_PeriodElapsedCallback	16	static
main.c:461:6:HAL_UART_RxCpltCallback	16	static
main.c:513:6:HAL_USART_TxCpltCallback	16	static
main.c:524:6:Error_Handler	4	static,ignoring_inline_asm
